iccard:
  baudRate: 9600
  port: /dev/ttyUSB0
log:
  opened: true
logServer:
  enabled: true
  ip: 101.200.75.8
  port: 54321
lpr:
  endpoints:
  - authToken: I7HOXHh4eHisktSVavKmTM9LMw==
    idPath: AlarmInfoPlate.serialno
    licensePath: AlarmInfoPlate.result.PlateResult.license
    loginUrl: http://192.168.0.211/login.php
    name: front
    picPath: AlarmInfoPlate.result.PlateResult.imageFile
    triggerURL: http://192.168.0.211/avstrigger.php
  - authToken: {"user":"admin","password":"admin"}
    idPath: sn
    licensePath: License
    loginUrl: http://192.168.0.246/logincheck.php
    name: top
    picPath: ImageData
    triggerData: {"type":"avs_parking_trigger"}
    triggerURL: http://192.168.0.246/avs_request_message.php
  - authToken: I7HOXHh4eHisktSVavKmTM9LMw==
    idPath: AlarmInfoPlate.serialno
    licensePath: AlarmInfoPlate.result.PlateResult.license
    loginUrl: http://192.168.0.212/login.php
    name: back
    picPath: AlarmInfoPlate.result.PlateResult.imageFile
    triggerURL: http://192.168.0.212/avstrigger.php
  mock: true
  waitTime: 2000
report:
  delay: 200
  loginUrl: https://wxapp.xhl365.cn/jingou/secUserManager/login
  mock: true
  reportUrl: https://wxapp.xhl365.cn/jingou/smartScaleManager/pushMixData/
scale:
  baudRate: 9600
  minWeight: 10
  mock: true
  port: /dev/ttyS1